EN freqdiv NULL C:/Users/Frostjaw/bsuir-14-15-labs/APVMIS/Lab4/freqdiv.vhd sub00/vhpl02 1413304917
AR fpga behavioral C:/Users/Frostjaw/bsuir-14-15-labs/APVMIS/Lab4/FPGA.vhd sub00/vhpl07 1413304922
EN jk NULL C:/Users/Frostjaw/bsuir-14-15-labs/APVMIS/Lab4/jk.vhd sub00/vhpl00 1413304915
AR c590 behavioral C:/Users/Frostjaw/bsuir-14-15-labs/APVMIS/Lab4/c590.vhd sub00/vhpl05 1413304920
AR jk behavioral C:/Users/Frostjaw/bsuir-14-15-labs/APVMIS/Lab4/jk.vhd sub00/vhpl01 1413304916
EN c590 NULL C:/Users/Frostjaw/bsuir-14-15-labs/APVMIS/Lab4/c590.vhd sub00/vhpl04 1413304919
EN fpga NULL C:/Users/Frostjaw/bsuir-14-15-labs/APVMIS/Lab4/FPGA.vhd sub00/vhpl06 1413304921
AR freqdiv behavioral C:/Users/Frostjaw/bsuir-14-15-labs/APVMIS/Lab4/freqdiv.vhd sub00/vhpl03 1413304918
