V3 15
FL C:/Users/Frostjaw/bsuir-14-15-labs/APVMIS/Lab4/c590.vhd 2014/10/14.19:41:52 P.49d
EN work/c590 1413304919 \
      FL C:/Users/Frostjaw/bsuir-14-15-labs/APVMIS/Lab4/c590.vhd \
      PB ieee/std_logic_1164 1354696159
AR work/c590/Behavioral 1413304920 \
      FL C:/Users/Frostjaw/bsuir-14-15-labs/APVMIS/Lab4/c590.vhd EN work/c590 1413304919 \
      CP jk
FL C:/Users/Frostjaw/bsuir-14-15-labs/APVMIS/Lab4/FPGA.vhd 2014/10/14.19:34:07 P.49d
EN work/FPGA 1413304921 \
      FL C:/Users/Frostjaw/bsuir-14-15-labs/APVMIS/Lab4/FPGA.vhd \
      PB ieee/std_logic_1164 1354696159
AR work/FPGA/Behavioral 1413304922 \
      FL C:/Users/Frostjaw/bsuir-14-15-labs/APVMIS/Lab4/FPGA.vhd EN work/FPGA 1413304921 \
      CP freqdiv CP c590
FL C:/Users/Frostjaw/bsuir-14-15-labs/APVMIS/Lab4/freqdiv.vhd 2014/10/14.19:36:25 P.49d
EN work/freqdiv 1413304917 \
      FL C:/Users/Frostjaw/bsuir-14-15-labs/APVMIS/Lab4/freqdiv.vhd \
      PB ieee/std_logic_1164 1354696159
AR work/freqdiv/Behavioral 1413304918 \
      FL C:/Users/Frostjaw/bsuir-14-15-labs/APVMIS/Lab4/freqdiv.vhd \
      EN work/freqdiv 1413304917
FL C:/Users/Frostjaw/bsuir-14-15-labs/APVMIS/Lab4/jk.vhd 2014/10/14.19:39:31 P.49d
EN work/jk 1413304915 FL C:/Users/Frostjaw/bsuir-14-15-labs/APVMIS/Lab4/jk.vhd \
      PB ieee/std_logic_1164 1354696159
AR work/jk/Behavioral 1413304916 \
      FL C:/Users/Frostjaw/bsuir-14-15-labs/APVMIS/Lab4/jk.vhd EN work/jk 1413304915
